 <%= locals.msg %>